(source [0, 0] - [1, 13]
  (comment [0, 0] - [1, 0])
  (comment [1, 0] - [1, 13]))
